{"timestamp": "2026-08-30T12:05:34.028641+00:00", "level": "INFO", "logger": "producer", "message": "metrics_server_started", "port": 8001}
{"timestamp": "2026-08-30T12:05:34.133203+00:00", "level": "INFO", "logger": "producer", "message": "producer_start", "rate_per_sec": 25, "files": ["D:\\Machine_learning\\MLOps\\project\\taxi-streaming\\data\\raw\\yellow_tripdata_2023-01.parquet"], "topic": "taxi-trips-stream"}
{"timestamp": "2026-08-30T12:05:34.293683+00:00", "level": "INFO", "logger": "producer", "message": "producer_stopped", "total_messages_sent": 0}
{"timestamp": "2026-08-30T12:07:42.318388+00:00", "level": "INFO", "logger": "producer", "message": "metrics_server_started", "port": 8001}
{"timestamp": "2026-08-30T12:07:42.607237+00:00", "level": "INFO", "logger": "producer", "message": "producer_start", "rate_per_sec": 25, "files": ["D:\\Machine_learning\\MLOps\\project\\taxi-streaming\\data\\raw\\yellow_tripdata_2023-01.parquet"], "topic": "taxi-trips-stream"}
{"timestamp": "2026-08-30T12:08:06.240377+00:00", "level": "INFO", "logger": "producer", "message": "throughput_sample", "target_rate": 25, "actual_rate": 0.04, "total_sent": 1}
{"timestamp": "2026-08-30T12:08:11.561286+00:00", "level": "INFO", "logger": "producer", "message": "throughput_sample", "target_rate": 25, "actual_rate": 24.61, "total_sent": 125}
{"timestamp": "2026-08-30T12:08:16.567879+00:00", "level": "INFO", "logger": "producer", "message": "throughput_sample", "target_rate": 25, "actual_rate": 24.57, "total_sent": 248}
{"timestamp": "2026-08-30T12:08:21.580195+00:00", "level": "INFO", "logger": "producer", "message": "throughput_sample", "target_rate": 25, "actual_rate": 24.54, "total_sent": 371}
{"timestamp": "2026-08-30T12:08:26.603799+00:00", "level": "INFO", "logger": "producer", "message": "throughput_sample", "target_rate": 25, "actual_rate": 24.09, "total_sent": 492}
{"timestamp": "2026-08-30T12:08:31.642194+00:00", "level": "INFO", "logger": "producer", "message": "throughput_sample", "target_rate": 25, "actual_rate": 24.61, "total_sent": 616}
{"timestamp": "2026-08-30T12:08:36.668770+00:00", "level": "INFO", "logger": "producer", "message": "throughput_sample", "target_rate": 25, "actual_rate": 24.67, "total_sent": 740}
{"timestamp": "2026-08-30T12:08:41.704362+00:00", "level": "INFO", "logger": "producer", "message": "throughput_sample", "target_rate": 25, "actual_rate": 24.43, "total_sent": 863}
{"timestamp": "2026-08-30T12:08:46.736086+00:00", "level": "INFO", "logger": "producer", "message": "throughput_sample", "target_rate": 25, "actual_rate": 24.65, "total_sent": 987}
{"timestamp": "2026-08-30T12:08:51.765170+00:00", "level": "INFO", "logger": "producer", "message": "throughput_sample", "target_rate": 25, "actual_rate": 24.66, "total_sent": 1111}
{"timestamp": "2026-08-30T12:08:56.801643+00:00", "level": "INFO", "logger": "producer", "message": "throughput_sample", "target_rate": 25, "actual_rate": 24.62, "total_sent": 1235}
{"timestamp": "2026-08-30T12:09:01.839663+00:00", "level": "INFO", "logger": "producer", "message": "throughput_sample", "target_rate": 25, "actual_rate": 24.62, "total_sent": 1359}
{"timestamp": "2026-08-30T12:09:06.871784+00:00", "level": "INFO", "logger": "producer", "message": "throughput_sample", "target_rate": 25, "actual_rate": 24.64, "total_sent": 1483}
{"timestamp": "2026-08-30T12:09:11.898002+00:00", "level": "INFO", "logger": "producer", "message": "throughput_sample", "target_rate": 25, "actual_rate": 24.67, "total_sent": 1607}
{"timestamp": "2026-08-30T12:09:16.930283+00:00", "level": "INFO", "logger": "producer", "message": "throughput_sample", "target_rate": 25, "actual_rate": 24.64, "total_sent": 1731}
{"timestamp": "2026-08-30T12:09:21.942749+00:00", "level": "INFO", "logger": "producer", "message": "throughput_sample", "target_rate": 25, "actual_rate": 24.54, "total_sent": 1854}
{"timestamp": "2026-08-30T12:09:26.973579+00:00", "level": "INFO", "logger": "producer", "message": "throughput_sample", "target_rate": 25, "actual_rate": 24.45, "total_sent": 1977}
{"timestamp": "2026-08-30T12:09:32.015914+00:00", "level": "INFO", "logger": "producer", "message": "throughput_sample", "target_rate": 25, "actual_rate": 24.6, "total_sent": 2101}
{"timestamp": "2026-08-30T12:09:37.157799+00:00", "level": "INFO", "logger": "producer", "message": "throughput_sample", "target_rate": 25, "actual_rate": 24.62, "total_sent": 2225}
{"timestamp": "2026-08-30T12:09:42.178808+00:00", "level": "INFO", "logger": "producer", "message": "throughput_sample", "target_rate": 25, "actual_rate": 24.5, "total_sent": 2348}
{"timestamp": "2026-08-30T12:09:47.212022+00:00", "level": "INFO", "logger": "producer", "message": "throughput_sample", "target_rate": 25, "actual_rate": 24.64, "total_sent": 2472}
{"timestamp": "2026-08-30T12:09:52.242176+00:00", "level": "INFO", "logger": "producer", "message": "throughput_sample", "target_rate": 25, "actual_rate": 24.65, "total_sent": 2596}
{"timestamp": "2026-08-30T12:09:57.277782+00:00", "level": "INFO", "logger": "producer", "message": "throughput_sample", "target_rate": 25, "actual_rate": 24.63, "total_sent": 2720}
{"timestamp": "2026-08-30T12:10:02.316101+00:00", "level": "INFO", "logger": "producer", "message": "throughput_sample", "target_rate": 25, "actual_rate": 24.61, "total_sent": 2844}
{"timestamp": "2026-08-30T12:10:07.356664+00:00", "level": "INFO", "logger": "producer", "message": "throughput_sample", "target_rate": 25, "actual_rate": 24.6, "total_sent": 2968}
{"timestamp": "2026-08-30T12:10:12.394102+00:00", "level": "INFO", "logger": "producer", "message": "throughput_sample", "target_rate": 25, "actual_rate": 24.62, "total_sent": 3092}
{"timestamp": "2026-08-30T12:10:17.428241+00:00", "level": "INFO", "logger": "producer", "message": "throughput_sample", "target_rate": 25, "actual_rate": 24.63, "total_sent": 3216}
{"timestamp": "2026-08-30T12:10:22.429397+00:00", "level": "INFO", "logger": "producer", "message": "throughput_sample", "target_rate": 25, "actual_rate": 24.6, "total_sent": 3339}
{"timestamp": "2026-08-30T12:10:27.468731+00:00", "level": "INFO", "logger": "producer", "message": "throughput_sample", "target_rate": 25, "actual_rate": 24.61, "total_sent": 3463}
{"timestamp": "2026-08-30T12:10:32.502193+00:00", "level": "INFO", "logger": "producer", "message": "throughput_sample", "target_rate": 25, "actual_rate": 24.64, "total_sent": 3587}
{"timestamp": "2026-08-30T12:10:37.536993+00:00", "level": "INFO", "logger": "producer", "message": "throughput_sample", "target_rate": 25, "actual_rate": 24.63, "total_sent": 3711}
{"timestamp": "2026-08-30T12:10:42.571719+00:00", "level": "INFO", "logger": "producer", "message": "throughput_sample", "target_rate": 25, "actual_rate": 24.63, "total_sent": 3835}
{"timestamp": "2026-08-30T12:10:47.605175+00:00", "level": "INFO", "logger": "producer", "message": "throughput_sample", "target_rate": 25, "actual_rate": 24.64, "total_sent": 3959}
{"timestamp": "2026-08-30T12:10:52.642197+00:00", "level": "INFO", "logger": "producer", "message": "throughput_sample", "target_rate": 25, "actual_rate": 24.62, "total_sent": 4083}
{"timestamp": "2026-08-30T12:10:57.675848+00:00", "level": "INFO", "logger": "producer", "message": "throughput_sample", "target_rate": 25, "actual_rate": 24.64, "total_sent": 4207}
{"timestamp": "2026-08-30T12:11:02.709230+00:00", "level": "INFO", "logger": "producer", "message": "throughput_sample", "target_rate": 25, "actual_rate": 24.64, "total_sent": 4331}
{"timestamp": "2026-08-30T12:11:07.745975+00:00", "level": "INFO", "logger": "producer", "message": "throughput_sample", "target_rate": 25, "actual_rate": 24.62, "total_sent": 4455}
{"timestamp": "2026-08-30T12:11:12.780970+00:00", "level": "INFO", "logger": "producer", "message": "throughput_sample", "target_rate": 25, "actual_rate": 24.63, "total_sent": 4579}
{"timestamp": "2026-08-30T12:11:17.812008+00:00", "level": "INFO", "logger": "producer", "message": "throughput_sample", "target_rate": 25, "actual_rate": 24.65, "total_sent": 4703}
{"timestamp": "2026-08-30T12:11:22.848273+00:00", "level": "INFO", "logger": "producer", "message": "throughput_sample", "target_rate": 25, "actual_rate": 24.62, "total_sent": 4827}
{"timestamp": "2026-08-30T12:11:27.863733+00:00", "level": "INFO", "logger": "producer", "message": "throughput_sample", "target_rate": 25, "actual_rate": 24.53, "total_sent": 4950}
{"timestamp": "2026-08-30T12:11:32.900594+00:00", "level": "INFO", "logger": "producer", "message": "throughput_sample", "target_rate": 25, "actual_rate": 24.62, "total_sent": 5074}
{"timestamp": "2026-08-30T12:11:37.936307+00:00", "level": "INFO", "logger": "producer", "message": "throughput_sample", "target_rate": 25, "actual_rate": 24.63, "total_sent": 5198}
{"timestamp": "2026-08-30T12:11:42.936967+00:00", "level": "INFO", "logger": "producer", "message": "throughput_sample", "target_rate": 25, "actual_rate": 24.6, "total_sent": 5321}
{"timestamp": "2026-08-30T12:11:47.970319+00:00", "level": "INFO", "logger": "producer", "message": "throughput_sample", "target_rate": 25, "actual_rate": 23.05, "total_sent": 5437}
{"timestamp": "2026-08-30T12:11:53.008230+00:00", "level": "INFO", "logger": "producer", "message": "throughput_sample", "target_rate": 25, "actual_rate": 22.63, "total_sent": 5551}
{"timestamp": "2026-08-30T12:11:58.017407+00:00", "level": "INFO", "logger": "producer", "message": "throughput_sample", "target_rate": 25, "actual_rate": 24.36, "total_sent": 5673}
{"timestamp": "2026-08-30T12:12:03.028062+00:00", "level": "INFO", "logger": "producer", "message": "throughput_sample", "target_rate": 25, "actual_rate": 24.55, "total_sent": 5796}
{"timestamp": "2026-08-30T12:12:08.048092+00:00", "level": "INFO", "logger": "producer", "message": "throughput_sample", "target_rate": 25, "actual_rate": 24.11, "total_sent": 5917}
{"timestamp": "2026-08-30T12:12:13.061957+00:00", "level": "INFO", "logger": "producer", "message": "throughput_sample", "target_rate": 25, "actual_rate": 23.74, "total_sent": 6036}
{"timestamp": "2026-08-30T12:12:18.082559+00:00", "level": "INFO", "logger": "producer", "message": "throughput_sample", "target_rate": 25, "actual_rate": 24.5, "total_sent": 6159}
{"timestamp": "2026-08-30T12:12:23.118021+00:00", "level": "INFO", "logger": "producer", "message": "throughput_sample", "target_rate": 25, "actual_rate": 24.63, "total_sent": 6283}
{"timestamp": "2026-08-30T12:12:28.130049+00:00", "level": "INFO", "logger": "producer", "message": "throughput_sample", "target_rate": 25, "actual_rate": 24.55, "total_sent": 6406}
{"timestamp": "2026-08-30T12:12:33.158230+00:00", "level": "INFO", "logger": "producer", "message": "throughput_sample", "target_rate": 25, "actual_rate": 24.47, "total_sent": 6529}
{"timestamp": "2026-08-30T12:12:38.174044+00:00", "level": "INFO", "logger": "producer", "message": "throughput_sample", "target_rate": 25, "actual_rate": 24.52, "total_sent": 6652}
{"timestamp": "2026-08-30T12:12:43.179527+00:00", "level": "INFO", "logger": "producer", "message": "throughput_sample", "target_rate": 25, "actual_rate": 24.58, "total_sent": 6775}
{"timestamp": "2026-08-30T12:12:48.211924+00:00", "level": "INFO", "logger": "producer", "message": "throughput_sample", "target_rate": 25, "actual_rate": 24.44, "total_sent": 6898}
{"timestamp": "2026-08-30T12:12:53.223784+00:00", "level": "INFO", "logger": "producer", "message": "throughput_sample", "target_rate": 25, "actual_rate": 24.54, "total_sent": 7021}
{"timestamp": "2026-08-30T12:12:58.257683+00:00", "level": "INFO", "logger": "producer", "message": "throughput_sample", "target_rate": 25, "actual_rate": 24.44, "total_sent": 7144}
{"timestamp": "2026-08-30T12:13:03.264138+00:00", "level": "INFO", "logger": "producer", "message": "throughput_sample", "target_rate": 25, "actual_rate": 24.57, "total_sent": 7267}
{"timestamp": "2026-08-30T12:13:08.303947+00:00", "level": "INFO", "logger": "producer", "message": "throughput_sample", "target_rate": 25, "actual_rate": 24.61, "total_sent": 7391}
{"timestamp": "2026-08-30T12:13:13.340522+00:00", "level": "INFO", "logger": "producer", "message": "throughput_sample", "target_rate": 25, "actual_rate": 24.62, "total_sent": 7515}
{"timestamp": "2026-08-30T12:13:18.377071+00:00", "level": "INFO", "logger": "producer", "message": "throughput_sample", "target_rate": 25, "actual_rate": 24.62, "total_sent": 7639}
{"timestamp": "2026-08-30T12:13:23.412308+00:00", "level": "INFO", "logger": "producer", "message": "throughput_sample", "target_rate": 25, "actual_rate": 24.63, "total_sent": 7763}
{"timestamp": "2026-08-30T12:13:28.418570+00:00", "level": "INFO", "logger": "producer", "message": "throughput_sample", "target_rate": 25, "actual_rate": 24.57, "total_sent": 7886}
{"timestamp": "2026-08-30T12:13:33.436744+00:00", "level": "INFO", "logger": "producer", "message": "throughput_sample", "target_rate": 25, "actual_rate": 23.52, "total_sent": 8004}
{"timestamp": "2026-08-30T12:13:38.463103+00:00", "level": "INFO", "logger": "producer", "message": "throughput_sample", "target_rate": 25, "actual_rate": 22.9, "total_sent": 8119}
{"timestamp": "2026-08-30T12:13:43.466178+00:00", "level": "INFO", "logger": "producer", "message": "throughput_sample", "target_rate": 25, "actual_rate": 24.59, "total_sent": 8242}
{"timestamp": "2026-08-30T12:13:48.497486+00:00", "level": "INFO", "logger": "producer", "message": "throughput_sample", "target_rate": 25, "actual_rate": 24.65, "total_sent": 8366}
{"timestamp": "2026-08-30T12:13:53.529110+00:00", "level": "INFO", "logger": "producer", "message": "throughput_sample", "target_rate": 25, "actual_rate": 24.65, "total_sent": 8490}
{"timestamp": "2026-08-30T12:13:58.566682+00:00", "level": "INFO", "logger": "producer", "message": "throughput_sample", "target_rate": 25, "actual_rate": 24.62, "total_sent": 8614}
{"timestamp": "2026-08-30T12:14:03.573090+00:00", "level": "INFO", "logger": "producer", "message": "throughput_sample", "target_rate": 25, "actual_rate": 24.57, "total_sent": 8737}
{"timestamp": "2026-08-30T12:14:08.612411+00:00", "level": "INFO", "logger": "producer", "message": "throughput_sample", "target_rate": 25, "actual_rate": 24.61, "total_sent": 8861}
{"timestamp": "2026-08-30T12:14:13.646809+00:00", "level": "INFO", "logger": "producer", "message": "throughput_sample", "target_rate": 25, "actual_rate": 24.63, "total_sent": 8985}
{"timestamp": "2026-08-30T12:14:18.686833+00:00", "level": "INFO", "logger": "producer", "message": "throughput_sample", "target_rate": 25, "actual_rate": 24.61, "total_sent": 9109}
{"timestamp": "2026-08-30T12:14:23.693870+00:00", "level": "INFO", "logger": "producer", "message": "throughput_sample", "target_rate": 25, "actual_rate": 24.57, "total_sent": 9232}
{"timestamp": "2026-08-30T12:14:28.728546+00:00", "level": "INFO", "logger": "producer", "message": "throughput_sample", "target_rate": 25, "actual_rate": 24.43, "total_sent": 9355}
{"timestamp": "2026-08-30T12:14:31.768372+00:00", "level": "INFO", "logger": "producer", "message": "producer_interrupted_by_user"}
{"timestamp": "2026-08-30T12:14:32.335366+00:00", "level": "INFO", "logger": "producer", "message": "producer_stopped", "total_messages_sent": 9429}
{"timestamp": "2026-08-30T17:34:00.735806+00:00", "level": "INFO", "logger": "producer", "message": "metrics_server_started", "port": 8001}
{"timestamp": "2026-08-30T17:34:00.958866+00:00", "level": "INFO", "logger": "producer", "message": "producer_start", "rate_per_sec": 25, "files": ["D:\\Machine_learning\\MLOps\\project\\taxi-streaming\\data\\raw\\yellow_tripdata_2023-01.parquet"], "topic": "taxi-trips-stream"}
{"timestamp": "2026-08-30T17:34:24.812394+00:00", "level": "INFO", "logger": "producer", "message": "throughput_sample", "target_rate": 25, "actual_rate": 0.04, "total_sent": 1}
{"timestamp": "2026-08-30T17:34:29.877680+00:00", "level": "INFO", "logger": "producer", "message": "throughput_sample", "target_rate": 25, "actual_rate": 24.13, "total_sent": 122}
{"timestamp": "2026-08-30T17:34:34.884130+00:00", "level": "INFO", "logger": "producer", "message": "throughput_sample", "target_rate": 25, "actual_rate": 24.58, "total_sent": 245}
{"timestamp": "2026-08-30T17:34:39.915538+00:00", "level": "INFO", "logger": "producer", "message": "throughput_sample", "target_rate": 25, "actual_rate": 24.65, "total_sent": 369}
{"timestamp": "2026-08-30T17:34:44.978070+00:00", "level": "INFO", "logger": "producer", "message": "throughput_sample", "target_rate": 25, "actual_rate": 24.48, "total_sent": 492}
{"timestamp": "2026-08-30T17:34:50.011034+00:00", "level": "INFO", "logger": "producer", "message": "throughput_sample", "target_rate": 25, "actual_rate": 24.64, "total_sent": 616}
{"timestamp": "2026-08-30T17:34:55.041151+00:00", "level": "INFO", "logger": "producer", "message": "throughput_sample", "target_rate": 25, "actual_rate": 24.65, "total_sent": 740}
{"timestamp": "2026-08-30T17:35:00.072078+00:00", "level": "INFO", "logger": "producer", "message": "throughput_sample", "target_rate": 25, "actual_rate": 24.65, "total_sent": 864}
{"timestamp": "2026-08-30T17:35:05.105979+00:00", "level": "INFO", "logger": "producer", "message": "throughput_sample", "target_rate": 25, "actual_rate": 24.64, "total_sent": 988}
{"timestamp": "2026-08-30T17:35:10.139560+00:00", "level": "INFO", "logger": "producer", "message": "throughput_sample", "target_rate": 25, "actual_rate": 24.64, "total_sent": 1112}
{"timestamp": "2026-08-30T17:35:15.178877+00:00", "level": "INFO", "logger": "producer", "message": "throughput_sample", "target_rate": 25, "actual_rate": 24.61, "total_sent": 1236}
{"timestamp": "2026-08-30T17:35:20.185040+00:00", "level": "INFO", "logger": "producer", "message": "throughput_sample", "target_rate": 25, "actual_rate": 24.57, "total_sent": 1359}
{"timestamp": "2026-08-30T17:35:25.213486+00:00", "level": "INFO", "logger": "producer", "message": "throughput_sample", "target_rate": 25, "actual_rate": 24.66, "total_sent": 1483}
{"timestamp": "2026-08-30T17:35:30.242414+00:00", "level": "INFO", "logger": "producer", "message": "throughput_sample", "target_rate": 25, "actual_rate": 24.46, "total_sent": 1606}
{"timestamp": "2026-08-30T17:35:35.243356+00:00", "level": "INFO", "logger": "producer", "message": "throughput_sample", "target_rate": 25, "actual_rate": 24.6, "total_sent": 1729}
{"timestamp": "2026-08-30T17:35:40.247636+00:00", "level": "INFO", "logger": "producer", "message": "throughput_sample", "target_rate": 25, "actual_rate": 24.58, "total_sent": 1852}
{"timestamp": "2026-08-30T17:35:45.282131+00:00", "level": "INFO", "logger": "producer", "message": "throughput_sample", "target_rate": 25, "actual_rate": 24.63, "total_sent": 1976}
{"timestamp": "2026-08-30T17:35:50.312825+00:00", "level": "INFO", "logger": "producer", "message": "throughput_sample", "target_rate": 25, "actual_rate": 24.65, "total_sent": 2100}
{"timestamp": "2026-08-30T17:35:55.343952+00:00", "level": "INFO", "logger": "producer", "message": "throughput_sample", "target_rate": 25, "actual_rate": 24.65, "total_sent": 2224}
{"timestamp": "2026-08-30T17:36:00.365916+00:00", "level": "INFO", "logger": "producer", "message": "throughput_sample", "target_rate": 25, "actual_rate": 24.49, "total_sent": 2347}
{"timestamp": "2026-08-30T17:36:05.367189+00:00", "level": "INFO", "logger": "producer", "message": "throughput_sample", "target_rate": 25, "actual_rate": 24.6, "total_sent": 2470}
{"timestamp": "2026-08-30T17:36:10.372500+00:00", "level": "INFO", "logger": "producer", "message": "throughput_sample", "target_rate": 25, "actual_rate": 24.58, "total_sent": 2593}
{"timestamp": "2026-08-30T17:36:15.407975+00:00", "level": "INFO", "logger": "producer", "message": "throughput_sample", "target_rate": 25, "actual_rate": 24.63, "total_sent": 2717}
{"timestamp": "2026-08-30T17:36:20.408542+00:00", "level": "INFO", "logger": "producer", "message": "throughput_sample", "target_rate": 25, "actual_rate": 24.6, "total_sent": 2840}
{"timestamp": "2026-08-30T17:36:25.448004+00:00", "level": "INFO", "logger": "producer", "message": "throughput_sample", "target_rate": 25, "actual_rate": 24.61, "total_sent": 2964}
{"timestamp": "2026-08-30T17:36:30.476905+00:00", "level": "INFO", "logger": "producer", "message": "throughput_sample", "target_rate": 25, "actual_rate": 24.47, "total_sent": 3087}
{"timestamp": "2026-08-30T17:36:35.481220+00:00", "level": "INFO", "logger": "producer", "message": "throughput_sample", "target_rate": 25, "actual_rate": 24.59, "total_sent": 3210}
{"timestamp": "2026-08-30T17:36:40.504813+00:00", "level": "INFO", "logger": "producer", "message": "throughput_sample", "target_rate": 25, "actual_rate": 24.49, "total_sent": 3333}
{"timestamp": "2026-08-30T17:36:45.529106+00:00", "level": "INFO", "logger": "producer", "message": "throughput_sample", "target_rate": 25, "actual_rate": 24.48, "total_sent": 3456}
{"timestamp": "2026-08-30T17:36:50.567462+00:00", "level": "INFO", "logger": "producer", "message": "throughput_sample", "target_rate": 25, "actual_rate": 24.61, "total_sent": 3580}
{"timestamp": "2026-08-30T17:36:55.573732+00:00", "level": "INFO", "logger": "producer", "message": "throughput_sample", "target_rate": 25, "actual_rate": 24.57, "total_sent": 3703}
{"timestamp": "2026-08-30T17:37:00.583051+00:00", "level": "INFO", "logger": "producer", "message": "throughput_sample", "target_rate": 25, "actual_rate": 24.56, "total_sent": 3826}
{"timestamp": "2026-08-30T17:37:01.031880+00:00", "level": "INFO", "logger": "producer", "message": "producer_interrupted_by_user"}
{"timestamp": "2026-08-30T17:37:01.314612+00:00", "level": "INFO", "logger": "producer", "message": "producer_stopped", "total_messages_sent": 3836}
{"timestamp": "2026-08-30T17:37:57.823100+00:00", "level": "INFO", "logger": "producer", "message": "metrics_server_started", "port": 8001}
{"timestamp": "2026-08-30T17:37:58.013108+00:00", "level": "INFO", "logger": "producer", "message": "producer_start", "rate_per_sec": 25, "files": ["D:\\Machine_learning\\MLOps\\project\\taxi-streaming\\data\\raw\\yellow_tripdata_2023-01.parquet"], "topic": "taxi-trips-stream"}
{"timestamp": "2026-08-30T17:38:13.583253+00:00", "level": "INFO", "logger": "producer", "message": "throughput_sample", "target_rate": 25, "actual_rate": 0.06, "total_sent": 1}
{"timestamp": "2026-08-30T17:38:18.617581+00:00", "level": "INFO", "logger": "producer", "message": "throughput_sample", "target_rate": 25, "actual_rate": 24.64, "total_sent": 125}
{"timestamp": "2026-08-30T17:38:23.637371+00:00", "level": "INFO", "logger": "producer", "message": "throughput_sample", "target_rate": 25, "actual_rate": 24.31, "total_sent": 247}
{"timestamp": "2026-08-30T17:38:28.691432+00:00", "level": "INFO", "logger": "producer", "message": "throughput_sample", "target_rate": 25, "actual_rate": 24.14, "total_sent": 369}
{"timestamp": "2026-08-30T17:38:33.719584+00:00", "level": "INFO", "logger": "producer", "message": "throughput_sample", "target_rate": 25, "actual_rate": 24.55, "total_sent": 492}
{"timestamp": "2026-08-30T17:38:38.727269+00:00", "level": "INFO", "logger": "producer", "message": "throughput_sample", "target_rate": 25, "actual_rate": 24.36, "total_sent": 614}
{"timestamp": "2026-08-30T17:38:43.733214+00:00", "level": "INFO", "logger": "producer", "message": "throughput_sample", "target_rate": 25, "actual_rate": 23.17, "total_sent": 730}
{"timestamp": "2026-08-30T17:38:48.772910+00:00", "level": "INFO", "logger": "producer", "message": "throughput_sample", "target_rate": 25, "actual_rate": 24.61, "total_sent": 854}
{"timestamp": "2026-08-30T17:38:53.808405+00:00", "level": "INFO", "logger": "producer", "message": "throughput_sample", "target_rate": 25, "actual_rate": 24.63, "total_sent": 978}
{"timestamp": "2026-08-30T17:38:58.844857+00:00", "level": "INFO", "logger": "producer", "message": "throughput_sample", "target_rate": 25, "actual_rate": 24.62, "total_sent": 1102}
{"timestamp": "2026-08-30T17:39:03.864632+00:00", "level": "INFO", "logger": "producer", "message": "throughput_sample", "target_rate": 25, "actual_rate": 24.51, "total_sent": 1225}
{"timestamp": "2026-08-30T17:39:08.869469+00:00", "level": "INFO", "logger": "producer", "message": "throughput_sample", "target_rate": 25, "actual_rate": 24.58, "total_sent": 1348}
{"timestamp": "2026-08-30T17:39:13.880340+00:00", "level": "INFO", "logger": "producer", "message": "throughput_sample", "target_rate": 25, "actual_rate": 24.55, "total_sent": 1471}
{"timestamp": "2026-08-30T17:39:18.884273+00:00", "level": "INFO", "logger": "producer", "message": "throughput_sample", "target_rate": 25, "actual_rate": 24.58, "total_sent": 1594}
{"timestamp": "2026-08-30T17:39:23.886252+00:00", "level": "INFO", "logger": "producer", "message": "throughput_sample", "target_rate": 25, "actual_rate": 24.59, "total_sent": 1717}
{"timestamp": "2026-08-30T17:39:28.920499+00:00", "level": "INFO", "logger": "producer", "message": "throughput_sample", "target_rate": 25, "actual_rate": 24.63, "total_sent": 1841}
{"timestamp": "2026-08-30T17:39:33.956462+00:00", "level": "INFO", "logger": "producer", "message": "throughput_sample", "target_rate": 25, "actual_rate": 24.63, "total_sent": 1965}
{"timestamp": "2026-08-30T17:39:38.963510+00:00", "level": "INFO", "logger": "producer", "message": "throughput_sample", "target_rate": 25, "actual_rate": 24.57, "total_sent": 2088}
{"timestamp": "2026-08-30T17:39:43.998045+00:00", "level": "INFO", "logger": "producer", "message": "throughput_sample", "target_rate": 25, "actual_rate": 24.63, "total_sent": 2212}
{"timestamp": "2026-08-30T17:39:49.038264+00:00", "level": "INFO", "logger": "producer", "message": "throughput_sample", "target_rate": 25, "actual_rate": 24.61, "total_sent": 2336}
{"timestamp": "2026-08-30T17:39:54.040732+00:00", "level": "INFO", "logger": "producer", "message": "throughput_sample", "target_rate": 25, "actual_rate": 24.39, "total_sent": 2458}
{"timestamp": "2026-08-30T17:39:59.075318+00:00", "level": "INFO", "logger": "producer", "message": "throughput_sample", "target_rate": 25, "actual_rate": 24.63, "total_sent": 2582}
{"timestamp": "2026-08-30T17:40:04.103944+00:00", "level": "INFO", "logger": "producer", "message": "throughput_sample", "target_rate": 25, "actual_rate": 24.66, "total_sent": 2706}
{"timestamp": "2026-08-30T17:40:08.686840+00:00", "level": "INFO", "logger": "producer", "message": "producer_interrupted_by_user"}
{"timestamp": "2026-08-30T17:40:09.295481+00:00", "level": "INFO", "logger": "producer", "message": "producer_stopped", "total_messages_sent": 2818}
